[0mGET /api/modules [32m200[0m 163.255 ms - 401[0m
[0mGET /api/modules [32m200[0m 151.448 ms - 401[0m
[0mPOST /auth/phone-login [32m200[0m 196.113 ms - 582[0m
[0mGET /api/modules [32m200[0m 154.156 ms - 401[0m
[0mPOST /auth/phone-login [33m400[0m 298.994 ms - 33[0m
[0mPOST /auth/phone-login [33m400[0m 155.102 ms - 33[0m
[0mPOST /auth/phone-login [32m200[0m 169.977 ms - 582[0m
[0mPOST /api/chat/start [32m200[0m 136.062 ms - 57[0m
[0mGET /api/chat/4c4b89a3-a6cc-458e-a508-e2f2e2710972 [32m200[0m 58.267 ms - 101[0m
[0mPOST /api/chat/message [32m200[0m 7181.453 ms - -[0m
[0mPOST /api/chat/message [32m200[0m 8045.574 ms - -[0m
[0mPOST /api/chat/start [32m200[0m 423.216 ms - 57[0m
[0mGET /api/chat/4c4b89a3-a6cc-458e-a508-e2f2e2710972 [32m200[0m 95.158 ms - -[0m
[0mPOST /api/chat/start [32m200[0m 187.226 ms - 57[0m
[0mGET /api/chat/8197da44-2872-4d51-98fb-2411e518d6bf [32m200[0m 88.625 ms - 491[0m
[0mPOST /api/chat/start [32m200[0m 299.464 ms - 57[0m
[0mGET /api/chat/a3210e15-ead2-4fac-8952-de30e8ad5d49 [32m200[0m 74.716 ms - 96[0m
[0mGET /api/modules [32m200[0m 385.490 ms - 401[0m
[0mPOST /api/chat/start [32m200[0m 180.282 ms - 57[0m
[0mGET /api/chat/a3210e15-ead2-4fac-8952-de30e8ad5d49 [32m200[0m 88.819 ms - 96[0m
[0mPOST /api/chat/start [32m200[0m 171.809 ms - 57[0m
[0mGET /api/chat/4c4b89a3-a6cc-458e-a508-e2f2e2710972 [32m200[0m 82.706 ms - -[0m
[0mPOST /api/chat/message [32m200[0m 6077.097 ms - -[0m
[0mPOST /auth/phone-login [32m200[0m 388.309 ms - 582[0m
[0mPOST /api/chat/start [32m200[0m 193.749 ms - 57[0m
[0mGET /api/chat/4c4b89a3-a6cc-458e-a508-e2f2e2710972 [32m200[0m 54.630 ms - -[0m
[0mPOST /api/chat/start [32m200[0m 4128.943 ms - 57[0m
[0mGET /api/chat/a3210e15-ead2-4fac-8952-de30e8ad5d49 [32m200[0m 68.843 ms - 96[0m
[0mPOST /api/chat/start [32m200[0m 1412.416 ms - 57[0m
[0mGET /api/chat/4c4b89a3-a6cc-458e-a508-e2f2e2710972 [32m200[0m 63.447 ms - -[0m
[0mPOST /api/chat/message [32m200[0m 4559.511 ms - -[0m
[0mPOST /api/chat/start [32m200[0m 1844.579 ms - 57[0m
[0mGET /api/chat/4c4b89a3-a6cc-458e-a508-e2f2e2710972 [32m200[0m 58.196 ms - -[0m
[0mGET /api/modules [32m200[0m 465.943 ms - 401[0m
[0mPOST /api/chat/start [32m200[0m 139.860 ms - 57[0m
[0mGET /api/chat/4c4b89a3-a6cc-458e-a508-e2f2e2710972 [32m200[0m 65.261 ms - -[0m
[0mPOST /api/chat/start [32m200[0m 316.763 ms - 57[0m
[0mGET /api/chat/4c4b89a3-a6cc-458e-a508-e2f2e2710972 [32m200[0m 60.932 ms - -[0m
[0mPOST /api/chat/start [32m200[0m 243.953 ms - 57[0m
[0mGET /api/chat/4c4b89a3-a6cc-458e-a508-e2f2e2710972 [32m200[0m 55.043 ms - -[0m
[0mPOST /api/chat/start [32m200[0m 325.443 ms - 57[0m
[0mGET /api/chat/4c4b89a3-a6cc-458e-a508-e2f2e2710972 [32m200[0m 55.548 ms - -[0m
[0mPOST /api/chat/start [32m200[0m 112.094 ms - 57[0m
[0mGET /api/chat/4c4b89a3-a6cc-458e-a508-e2f2e2710972 [32m200[0m 46.596 ms - -[0m
[0mPOST /api/chat/start [32m200[0m 97.717 ms - 57[0m
[0mGET /api/chat/4c4b89a3-a6cc-458e-a508-e2f2e2710972 [32m200[0m 47.308 ms - -[0m
[0mPOST /api/chat/start [32m200[0m 169.147 ms - 57[0m
[0mGET /api/chat/4c4b89a3-a6cc-458e-a508-e2f2e2710972 [32m200[0m 49.252 ms - -[0m
[0mPOST /api/chat/start [32m200[0m 477.748 ms - 57[0m
[0mGET /api/chat/4c4b89a3-a6cc-458e-a508-e2f2e2710972 [32m200[0m 58.953 ms - -[0m
[0mPOST /auth/phone-login [32m200[0m 410.874 ms - 582[0m
[0mPOST /api/chat/start [32m200[0m 164.548 ms - 57[0m
[0mGET /api/chat/4c4b89a3-a6cc-458e-a508-e2f2e2710972 [32m200[0m 51.854 ms - -[0m
[0mGET /api/modules [32m200[0m 426.451 ms - 401[0m
[0mPOST /api/chat/start [32m200[0m 435.392 ms - 57[0m
[0mGET /api/chat/4c4b89a3-a6cc-458e-a508-e2f2e2710972 [32m200[0m 77.332 ms - -[0m
[0mPOST /api/chat/message [32m200[0m 8306.306 ms - -[0m
[0mPOST /api/chat/start [32m200[0m 399.404 ms - 57[0m
[0mGET /api/chat/a3210e15-ead2-4fac-8952-de30e8ad5d49 [32m200[0m 50.698 ms - 96[0m
[0mPOST /api/chat/start [32m200[0m 104.999 ms - 57[0m
[0mGET /api/chat/a3210e15-ead2-4fac-8952-de30e8ad5d49 [32m200[0m 47.717 ms - 96[0m
[0mPOST /api/chat/start [32m200[0m 127.531 ms - 57[0m
[0mGET /api/chat/8197da44-2872-4d51-98fb-2411e518d6bf [32m200[0m 105.327 ms - 491[0m
[0mPOST /api/chat/start [32m200[0m 280.513 ms - 57[0m
[0mGET /api/chat/b0926ecb-fca0-4e6e-8c36-cad680052974 [32m200[0m 50.421 ms - 99[0m
[0mPOST /api/chat/start [32m200[0m 132.309 ms - 57[0m
[0mGET /api/chat/4c4b89a3-a6cc-458e-a508-e2f2e2710972 [32m200[0m 53.397 ms - -[0m
[0mGET /api/modules [32m200[0m 342.250 ms - 401[0m
[0mPOST /api/chat/start [32m200[0m 156.602 ms - 57[0m
[0mGET /api/chat/4c4b89a3-a6cc-458e-a508-e2f2e2710972 [32m200[0m 56.702 ms - -[0m
[0mPOST /api/chat/start [32m200[0m 318.929 ms - 57[0m
[0mGET /api/chat/4c4b89a3-a6cc-458e-a508-e2f2e2710972 [32m200[0m 56.312 ms - -[0m
[0mPOST /api/chat/start [32m200[0m 306.929 ms - 57[0m
[0mGET /api/chat/4c4b89a3-a6cc-458e-a508-e2f2e2710972 [32m200[0m 61.069 ms - -[0m
[0mGET /api/modules [32m200[0m 327.305 ms - 401[0m
[0mPOST /api/chat/start [32m200[0m 165.874 ms - 57[0m
[0mGET /api/chat/4c4b89a3-a6cc-458e-a508-e2f2e2710972 [32m200[0m 69.961 ms - -[0m
[0mPOST /api/chat/start [32m200[0m 196.539 ms - 57[0m
[0mGET /api/chat/4c4b89a3-a6cc-458e-a508-e2f2e2710972 [32m200[0m 52.462 ms - -[0m
[0mPOST /api/chat/start [32m200[0m 99.969 ms - 57[0m
[0mGET /api/chat/4c4b89a3-a6cc-458e-a508-e2f2e2710972 [32m200[0m 48.797 ms - -[0m
[0mPOST /api/chat/start [32m200[0m 103.331 ms - 57[0m
[0mGET /api/chat/4c4b89a3-a6cc-458e-a508-e2f2e2710972 [32m200[0m 52.949 ms - -[0m
[0mPOST /api/chat/start [32m200[0m 370.537 ms - 57[0m
[0mGET /api/chat/4c4b89a3-a6cc-458e-a508-e2f2e2710972 [32m200[0m 56.656 ms - -[0m
[0mPOST /api/chat/start [32m200[0m 99.275 ms - 57[0m
[0mGET /api/chat/4c4b89a3-a6cc-458e-a508-e2f2e2710972 [32m200[0m 59.418 ms - -[0m
[0mPOST /api/chat/start [32m200[0m 104.337 ms - 57[0m
[0mGET /api/chat/4c4b89a3-a6cc-458e-a508-e2f2e2710972 [32m200[0m 58.848 ms - -[0m
[0mPOST /api/chat/start [32m200[0m 197.497 ms - 57[0m
[0mGET /api/chat/4c4b89a3-a6cc-458e-a508-e2f2e2710972 [32m200[0m 49.830 ms - -[0m
[0mPOST /api/chat/start [32m200[0m 98.956 ms - 57[0m
[0mGET /api/chat/4c4b89a3-a6cc-458e-a508-e2f2e2710972 [32m200[0m 57.453 ms - -[0m
[0mPOST /api/chat/start [32m200[0m 102.381 ms - 57[0m
[0mGET /api/chat/b0926ecb-fca0-4e6e-8c36-cad680052974 [32m200[0m 48.845 ms - 99[0m
[0mPOST /api/chat/start [32m200[0m 97.196 ms - 57[0m
[0mGET /api/chat/4c4b89a3-a6cc-458e-a508-e2f2e2710972 [32m200[0m 47.443 ms - -[0m
[0mPOST /api/chat/start [32m200[0m 104.141 ms - 57[0m
[0mGET /api/chat/b0926ecb-fca0-4e6e-8c36-cad680052974 [32m200[0m 56.640 ms - 99[0m
[0mPOST /api/chat/start [32m200[0m 118.188 ms - 57[0m
[0mGET /api/chat/a3210e15-ead2-4fac-8952-de30e8ad5d49 [32m200[0m 47.854 ms - 96[0m
[0mPOST /api/chat/start [32m200[0m 268.137 ms - 57[0m
[0mGET /api/chat/b0926ecb-fca0-4e6e-8c36-cad680052974 [32m200[0m 53.732 ms - 99[0m
[0mPOST /api/chat/start [32m200[0m 96.968 ms - 57[0m
[0mGET /api/chat/a3210e15-ead2-4fac-8952-de30e8ad5d49 [32m200[0m 52.775 ms - 96[0m
[0mPOST /api/chat/start [32m200[0m 100.272 ms - 57[0m
[0mGET /api/chat/8197da44-2872-4d51-98fb-2411e518d6bf [32m200[0m 56.843 ms - 491[0m
[0mGET /api/modules [32m200[0m 271.056 ms - 401[0m
[0mPOST /api/chat/start [32m200[0m 102.919 ms - 57[0m
[0mGET /api/chat/b0926ecb-fca0-4e6e-8c36-cad680052974 [32m200[0m 50.627 ms - 99[0m
[0mPOST /api/chat/start [32m200[0m 96.881 ms - 57[0m
[0mGET /api/chat/4c4b89a3-a6cc-458e-a508-e2f2e2710972 [32m200[0m 59.932 ms - -[0m
[0mPOST /api/chat/start [32m200[0m 97.809 ms - 57[0m
[0mGET /api/chat/a3210e15-ead2-4fac-8952-de30e8ad5d49 [32m200[0m 46.440 ms - 96[0m
[0mPOST /api/chat/start [32m200[0m 109.890 ms - 57[0m
[0mGET /api/chat/8197da44-2872-4d51-98fb-2411e518d6bf [32m200[0m 48.463 ms - 491[0m
[0mPOST /api/chat/start [32m200[0m 226.371 ms - 57[0m
[0mGET /api/chat/8197da44-2872-4d51-98fb-2411e518d6bf [32m200[0m 49.761 ms - 491[0m
[0mGET /api/modules [32m200[0m 166.850 ms - 401[0m
[0mPOST /api/chat/start [32m200[0m 99.161 ms - 57[0m
[0mGET /api/chat/4c4b89a3-a6cc-458e-a508-e2f2e2710972 [32m200[0m 52.302 ms - -[0m
[0mPOST /api/chat/start [32m200[0m 313.708 ms - 57[0m
[0mGET /api/chat/4c4b89a3-a6cc-458e-a508-e2f2e2710972 [32m200[0m 52.320 ms - -[0m
[0mPOST /api/chat/start [32m200[0m 96.592 ms - 57[0m
[0mGET /api/chat/4c4b89a3-a6cc-458e-a508-e2f2e2710972 [32m200[0m 47.911 ms - -[0m
[0mPOST /api/chat/start [32m200[0m 95.445 ms - 57[0m
[0mGET /api/chat/a3210e15-ead2-4fac-8952-de30e8ad5d49 [32m200[0m 47.685 ms - 96[0m
[0mGET /api/modules [32m200[0m 345.553 ms - 401[0m
[0mPOST /api/chat/start [32m200[0m 122.097 ms - 57[0m
[0mGET /api/chat/a3210e15-ead2-4fac-8952-de30e8ad5d49 [32m200[0m 48.339 ms - 96[0m
[0mPOST /api/chat/start [32m200[0m 263.477 ms - 57[0m
[0mGET /api/chat/a3210e15-ead2-4fac-8952-de30e8ad5d49 [32m200[0m 50.095 ms - 96[0m
[0mPOST /api/chat/start [32m200[0m 111.280 ms - 57[0m
[0mGET /api/chat/a3210e15-ead2-4fac-8952-de30e8ad5d49 [32m200[0m 48.746 ms - 96[0m
[0mPOST /api/chat/start [32m200[0m 101.154 ms - 57[0m
[0mGET /api/chat/a3210e15-ead2-4fac-8952-de30e8ad5d49 [32m200[0m 47.536 ms - 96[0m
[0mPOST /api/chat/start [32m200[0m 98.690 ms - 57[0m
[0mGET /api/chat/a3210e15-ead2-4fac-8952-de30e8ad5d49 [32m200[0m 47.045 ms - 96[0m
[0mPOST /api/chat/start [32m200[0m 120.840 ms - 57[0m
[0mGET /api/chat/a3210e15-ead2-4fac-8952-de30e8ad5d49 [32m200[0m 47.447 ms - 96[0m
[0mPOST /api/chat/start [32m200[0m 103.087 ms - 57[0m
[0mGET /api/chat/8197da44-2872-4d51-98fb-2411e518d6bf [32m200[0m 52.388 ms - 491[0m
[0mPOST /api/chat/start [32m200[0m 114.369 ms - 57[0m
[0mGET /api/chat/8197da44-2872-4d51-98fb-2411e518d6bf [32m200[0m 51.289 ms - 491[0m
[0mPOST /api/chat/message [32m200[0m 7227.123 ms - -[0m
[0mPOST /api/chat/message [32m200[0m 5905.008 ms - -[0m
[0mPOST /auth/phone-login [32m200[0m 319.343 ms - 582[0m
[0mGET /api/modules [32m200[0m 233.201 ms - 401[0m
[0mPOST /api/chat/start [32m200[0m 168.489 ms - 57[0m
[0mGET /api/chat/b0926ecb-fca0-4e6e-8c36-cad680052974 [32m200[0m 75.236 ms - 99[0m
[0mGET /api/modules [32m200[0m 250.196 ms - 401[0m
[0mPOST /api/chat/message [32m200[0m 6299.290 ms - -[0m
[0mPOST /api/chat/message [32m200[0m 5666.137 ms - -[0m
[0mPOST /api/chat/chat [33m404[0m 84.675 ms - 153[0m
[0mGET /api/modules [32m200[0m 386.373 ms - 401[0m
[0mPOST /api/chat/message [32m200[0m 7594.429 ms - -[0m
[0mPOST /api/chat/chat [33m404[0m 76.170 ms - 153[0m
[0mPOST /api/chat/start [33m401[0m 141.666 ms - 39[0m
[0mPOST /auth/login [33m400[0m 102.886 ms - 171[0m
[0mPOST /api/chat/message [32m200[0m 17104.572 ms - -[0m
[0mPOST /api/chat/message [32m200[0m 8724.686 ms - -[0m
[0mPOST /api/chat/message [32m200[0m 7720.725 ms - -[0m
[0mPOST /api/chat/message [32m200[0m 10628.414 ms - -[0m
[0mPOST /api/chat/message [32m200[0m 5618.715 ms - 991[0m
[0mPOST /api/chat/message [32m200[0m 5621.301 ms - 1018[0m
[0mPOST /api/chat/message [32m200[0m 7273.101 ms - 1000[0m
[0mDELETE /api/chat/reset/1ce5627f-de03-4a9f-9c6d-317b2ed646b5 [32m200[0m 225.528 ms - 101[0m
[0mPOST /api/chat/message [32m200[0m 5437.302 ms - -[0m
[0mPOST /api/chat/start [32m200[0m 274.266 ms - 57[0m
[0mGET /api/chat/8197da44-2872-4d51-98fb-2411e518d6bf [32m200[0m 67.586 ms - 491[0m
[0mPOST /api/chat/start [32m200[0m 349.792 ms - 57[0m
[0mGET /api/chat/8197da44-2872-4d51-98fb-2411e518d6bf [32m200[0m 52.542 ms - 491[0m
[0mPOST /api/chat/start [32m200[0m 105.163 ms - 57[0m
[0mGET /api/chat/b0926ecb-fca0-4e6e-8c36-cad680052974 [32m200[0m 47.989 ms - 99[0m
[0mPOST /uploads/cloud/chat [33m404[0m 60.302 ms - 158[0m
[0mPOST /uploads/cloud/chat [33m404[0m 82.186 ms - 158[0m
[0mPOST /uploads/cloud/chat [33m404[0m 118.935 ms - 158[0m
[0mPOST /api/uploads/cloud/chat [33m404[0m 54.796 ms - 162[0m
[0mPOST /api/chat/start [33m401[0m 38.917 ms - 40[0m
[0mPOST /api/upload/cloud/chat [31m500[0m 1143.260 ms - 67[0m
[0mGET /api/modules [32m200[0m 331.239 ms - 401[0m
[0mPOST /api/chat/start [32m200[0m 150.494 ms - 57[0m
[0mGET /api/chat/8197da44-2872-4d51-98fb-2411e518d6bf [32m200[0m 113.631 ms - 491[0m
[0mPOST /api/chat/start [32m200[0m 116.711 ms - 57[0m
[0mGET /api/chat/a3210e15-ead2-4fac-8952-de30e8ad5d49 [32m200[0m 50.949 ms - 96[0m
[0mPOST /api/upload/cloud/chat [31m500[0m 817.153 ms - 67[0m
[0mPOST /api/upload/cloud/chat [31m500[0m 366.644 ms - 67[0m
[0mPOST /api/chat/start [32m200[0m 201.380 ms - 57[0m
[0mGET /api/chat/a3210e15-ead2-4fac-8952-de30e8ad5d49 [32m200[0m 48.633 ms - 96[0m
[0mPOST /api/upload/cloud/chat [31m500[0m 503.696 ms - 67[0m
[0mPOST /api/upload/cloud/chat [31m500[0m 365.085 ms - 67[0m
[0mPOST /api/upload/cloud/chat [31m500[0m 554.178 ms - 67[0m
[0mPOST /api/chat/start [32m200[0m 238.799 ms - 57[0m
[0mGET /api/chat/a3210e15-ead2-4fac-8952-de30e8ad5d49 [32m200[0m 55.115 ms - 96[0m
[0mPOST /api/upload/cloud/chat [31m500[0m 408.983 ms - 67[0m
[0mPOST /api/upload/cloud/chat [31m500[0m 31.698 ms - 873[0m
[0mPOST /api/upload/cloud/chat [31m500[0m 435.961 ms - 67[0m
[0mPOST /api/upload/cloud/chat [31m500[0m 269.410 ms - 67[0m
[0mPOST /api/upload/cloud/chat [31m500[0m 422.987 ms - 67[0m
[0mPOST /api/upload/cloud/chat [32m201[0m 1195.090 ms - 236[0m
[0mPOST /api/upload/cloud/chat [32m201[0m 1283.964 ms - 240[0m
[0mPOST /api/chat/message [32m200[0m 3145.124 ms - 941[0m
[0mPOST /api/chat/start [33m401[0m 18.963 ms - 39[0m
[0mPOST /auth/login [33m400[0m 407.923 ms - 171[0m
[0mPOST /api/chat/start [33m401[0m 2.998 ms - 39[0m
[0mDELETE /api/chat/reset/a3210e15-ead2-4fac-8952-de30e8ad5d49 [32m200[0m 200.306 ms - 101[0m
[0mPOST /api/chat/start [33m401[0m 29.217 ms - 39[0m
[0mPOST /api/chat/start [33m401[0m 181.749 ms - 39[0m
[0mPOST /auth/login [33m400[0m 70.462 ms - 171[0m
[0mPOST /api/chat/start [33m401[0m 29.043 ms - 39[0m
[0mDELETE /api/chat/reset/4c4b89a3-a6cc-458e-a508-e2f2e2710972 [32m200[0m 136.460 ms - 101[0m
[0mDELETE /api/chat/reset/8197da44-2872-4d51-98fb-2411e518d6bf [32m200[0m 130.476 ms - 101[0m
[0mDELETE /api/chat/reset/1ce5627f-de03-4a9f-9c6d-317b2ed646b5 [32m200[0m 118.073 ms - 101[0m
[0mPOST /api/chat/start [32m200[0m 177.675 ms - 57[0m
[0mGET /api/chat/a3210e15-ead2-4fac-8952-de30e8ad5d49 [32m200[0m 54.506 ms - 96[0m
[0mPOST /api/upload/cloud/chat [32m201[0m 1261.114 ms - 240[0m
[0mPOST /api/chat/message [32m200[0m 2135.438 ms - 965[0m
[0mDELETE /api/chat/reset/a3210e15-ead2-4fac-8952-de30e8ad5d49 [32m200[0m 170.315 ms - 101[0m
[0mDELETE /api/chat/reset/a3210e15-ead2-4fac-8952-de30e8ad5d49 [32m200[0m 103.468 ms - 101[0m
[0mPOST /api/chat/start [32m200[0m 115.235 ms - 57[0m
[0mGET /api/chat/a3210e15-ead2-4fac-8952-de30e8ad5d49 [32m200[0m 47.816 ms - 96[0m
[0mPOST /api/chat/start [32m200[0m 168.550 ms - 57[0m
[0mGET /api/chat/a3210e15-ead2-4fac-8952-de30e8ad5d49 [32m200[0m 49.296 ms - 96[0m
[0mPOST /api/upload/cloud/chat [32m201[0m 1174.770 ms - 240[0m
[0mPOST /api/chat/message [32m200[0m 3685.073 ms - -[0m
[0mPOST /api/chat/start [32m200[0m 114.966 ms - 57[0m
[0mGET /api/chat/a3210e15-ead2-4fac-8952-de30e8ad5d49 [32m200[0m 50.074 ms - -[0m
[0mPOST /api/chat/start [32m200[0m 98.257 ms - 57[0m
[0mGET /api/chat/a3210e15-ead2-4fac-8952-de30e8ad5d49 [32m200[0m 48.437 ms - -[0m
